[www.thecowisgonemoo.com/approach-html/index-second.html]
[backblue.gif]
[fade.gif]
[index.html]
[www.thecowisgonemoo.com/approach-html/css/rev-grid.css]
[www.thecowisgonemoo.com/approach-html/css/font-awesome.min.css]
[www.thecowisgonemoo.com/approach-html/css/base.css]
[www.thecowisgonemoo.com/approach-html/css/second-demo.css]
[www.thecowisgonemoo.com/approach-html/css/responsive.css]
[www.thecowisgonemoo.com/approach-html/images/favicon.ico]
[www.thecowisgonemoo.com/approach-html/images/apple-touch-icon.png]
[www.thecowisgonemoo.com/approach-html/images/apple-touch-icon-72x72.png]
[www.thecowisgonemoo.com/approach-html/images/apple-touch-icon-114x114.png]
[www.thecowisgonemoo.com/approach-html/images/logo-1.png]
[www.thecowisgonemoo.com/approach-html/js/modernizr.js]
[www.thecowisgonemoo.com/approach-html/js/jquery.min.js]
[www.thecowisgonemoo.com/approach-html/images/icon-check.png]
[www.thecowisgonemoo.com/approach-html/images/logo-clients-1.png]
[www.thecowisgonemoo.com/approach-html/images/logo-clients-2.png]
[www.thecowisgonemoo.com/approach-html/images/image-1.jpg]
[www.thecowisgonemoo.com/approach-html/images/image-2.jpg]
[www.thecowisgonemoo.com/approach-html/images/testimonial-1.jpg]
[connect.facebook.net/it_IT/all.js]
[apis.google.com/js/platform.js]
[www.thecowisgonemoo.com/approach-html/js/components.js]
[www.thecowisgonemoo.com/approach-html/index-second.html]
[www.thecowisgonemoo.com/approach-html/css/rev-grid.css]
[www.thecowisgonemoo.com/approach-html/js/custom.js]
[www.thecowisgonemoo.com/approach-html/css/fonts/fontawesome-webfontba72.woff]
[www.thecowisgonemoo.com/approach-html/css/fonts/fontawesome-webfontba72.eot]
[www.thecowisgonemoo.com/approach-html/css/fonts/fontawesome-webfontba72.ttf]
[www.thecowisgonemoo.com/approach-html/css/fonts/fontawesome-webfontd41d.eot]
[www.thecowisgonemoo.com/approach-html/css/font-awesome.min.css]
[www.thecowisgonemoo.com/approach-html/css/base.css]
[www.thecowisgonemoo.com/approach-html/css/fonts/fontawesome-webfontba72.svg]
[www.thecowisgonemoo.com/approach-html/images/background-2.jpg]
[www.thecowisgonemoo.com/approach-html/images/arrow-brown.png]
[www.thecowisgonemoo.com/approach-html/images/thanks-heading-background-2.jpg]
[www.thecowisgonemoo.com/approach-html/css/second-demo.css]
[www.thecowisgonemoo.com/approach-html/css/responsive.css]
[connect.facebook.net/it_IT/all.js]
[www.thecowisgonemoo.com/approach-html/css/fonts/fontawesome-webfontba72.svg]
